---
source: diesel_cli/tests/print_schema.rs
description: "Test: print_schema_with_enum_set_types"
---
// @generated automatically by Diesel CLI.

pub mod sql_types {
    #[derive(diesel::sql_types::SqlType)]
    #[diesel(mysql_type(name = "Set"))]
    pub struct Users1EnabledFeaturesSet;

    #[derive(diesel::sql_types::SqlType)]
    #[diesel(mysql_type(name = "Enum"))]
    pub struct Users1UserStateEnum;
}

diesel::table! {
    use diesel::sql_types::*;
    use super::sql_types::Users1UserStateEnum;
    use super::sql_types::Users1EnabledFeaturesSet;

    users1 (id) {
        id -> Integer,
        user_state -> Users1UserStateEnum,
        enabled_features -> Users1EnabledFeaturesSet,
    }
}

