---
source: diesel_cli/tests/print_schema.rs
description: "Test: print_schema_auto_increment"
---
// @generated automatically by Diesel CLI.

diesel::table! {
    items (id) {
        id -> Integer,
        #[auto_increment]
        counter -> Integer,
        doubled -> Nullable<Integer>,
        created_at -> Timestamp,
    }
}
