---
source: diesel_cli/tests/migration_generate.rs
description: "Test: postgres_specific_types"
---
-- This file should undo anything in `up.sql`
DROP TABLE IF EXISTS "users";

DROP TYPE IF EXISTS "DEEP_NESTED_RECORD";

DROP TYPE IF EXISTS "DEEP_NESTED_RECORD_FIELD_0_RECORD";

DROP TYPE IF EXISTS "DEEP_NESTED_RECORD_FIELD_0_RECORD_FIELD_0_RECORD";

DROP TYPE IF EXISTS "DEEP_NESTED_RECORD_FIELD_0_RECORD_FIELD_0_RECORD_FIELD_1_RECORD";

DROP TYPE IF EXISTS "NESTED_5_RECORD";

DROP TYPE IF EXISTS "NESTED_5_RECORD_FIELD_0_RECORD";

DROP TYPE IF EXISTS "NESTED_4_RECORD";

DROP TYPE IF EXISTS "NESTED_4_RECORD_FIELD_0_RECORD";

DROP TYPE IF EXISTS "NESTED_3_RECORD";

DROP TYPE IF EXISTS "NESTED_2_RECORD";

DROP TYPE IF EXISTS "NULLABLE_RECORD_RECORD";

DROP TYPE IF EXISTS "RECORD_RECORD";
