---
source: diesel_cli/tests/print_schema.rs
description: "Test: print_schema_simple_without_docs"
---
// @generated automatically by Diesel CLI.

diesel::table! {
    users1 (id) {
        id -> Nullable<Integer>,
    }
}

diesel::table! {
    users2 (id) {
        id -> Nullable<Integer>,
    }
}

diesel::allow_tables_to_appear_in_same_query!(
    users1,
    users2,
);

