---
source: diesel_derives/src/tests/mod.rs
expression: out
info:
  input: "#[derive(Selectable)]\n#[diesel(check_for_backend(diesel::pg::Pg, diesel::mysql::Mysql))]\nstruct User {\n    id: i32,\n    name: String,\n}\n"
---
const _: () = {
    use diesel;
    use diesel::expression::Selectable;
    impl<__DB: diesel::backend::Backend> Selectable<__DB> for User {
        type SelectExpression = (users::r#id, users::r#name);
        fn construct_selection() -> Self::SelectExpression {
            (users::r#id, users::r#name)
        }
    }
    fn _check_field_compatibility()
    where
        i32: diesel::deserialize::FromSqlRow<
            diesel::dsl::SqlTypeOf<users::r#id>,
            diesel::pg::Pg,
        >,
        i32: diesel::deserialize::FromSqlRow<
            diesel::dsl::SqlTypeOf<users::r#id>,
            diesel::mysql::Mysql,
        >,
        String: diesel::deserialize::FromSqlRow<
            diesel::dsl::SqlTypeOf<users::r#name>,
            diesel::pg::Pg,
        >,
        String: diesel::deserialize::FromSqlRow<
            diesel::dsl::SqlTypeOf<users::r#name>,
            diesel::mysql::Mysql,
        >,
    {}
};
