---
source: diesel_derives/src/tests/mod.rs
expression: out
info:
  input: "#[derive(AsChangeset)]\nstruct User {\n    id: i32,\n    #[diesel(skip_update)]\n    name: String,\n}\n"
---
const _: () = {
    use diesel;
    impl diesel::query_builder::AsChangeset for User {
        type Target = users::table;
        type Changeset = <() as diesel::query_builder::AsChangeset>::Changeset;
        fn as_changeset(
            self,
        ) -> <Self as diesel::query_builder::AsChangeset>::Changeset {
            diesel::query_builder::AsChangeset::as_changeset(())
        }
    }
    impl<'update> diesel::query_builder::AsChangeset for &'update User {
        type Target = users::table;
        type Changeset = <() as diesel::query_builder::AsChangeset>::Changeset;
        fn as_changeset(
            self,
        ) -> <Self as diesel::query_builder::AsChangeset>::Changeset {
            diesel::query_builder::AsChangeset::as_changeset(())
        }
    }
};
