---
source: diesel_infer_query/tests/parsing.rs
expression: res
info: "CREATE VIEW ops AS SELECT count(*), sum(foo) FROM bar"
---
ViewData {
    fields: [
        SelectField {
            ident: None,
            kind: Function {
                name: "count",
                schema: None,
                arguments: [
                    Wildcard {
                        schema: None,
                        relation: Some(
                            "bar",
                        ),
                        nullable_row: true,
                    },
                ],
            },
        },
        SelectField {
            ident: None,
            kind: Function {
                name: "sum",
                schema: None,
                arguments: [
                    Field {
                        schema: None,
                        query_source: Some(
                            "bar",
                        ),
                        field_name: "foo",
                        nullable_row: true,
                    },
                ],
            },
        },
    ],
    subqueries: [],
}
