---
source: diesel_infer_query/tests/parsing.rs
expression: res
info: "CREATE VIEW test AS SELECT users.*, posts.* FROM users LEFT JOIN posts ON users.id = posts.user_id"
---
ViewData {
    fields: [
        SelectField {
            ident: None,
            kind: Wildcard {
                schema: None,
                relation: Some(
                    "users",
                ),
                nullable_row: false,
            },
        },
        SelectField {
            ident: None,
            kind: Wildcard {
                schema: None,
                relation: Some(
                    "posts",
                ),
                nullable_row: true,
            },
        },
    ],
    subqueries: [],
}
