---
source: diesel_infer_query/tests/parsing.rs
expression: res
info: "CREATE VIEW test AS SELECT 1 IS NOT NULL, 2 IS NULL"
---
ViewData {
    fields: [
        SelectField {
            ident: None,
            kind: PostfixOp {
                expr: Literal {
                    value: None,
                    is_null: false,
                },
                op: "IS NOT NULL",
                statically_not_null: true,
            },
        },
        SelectField {
            ident: None,
            kind: PostfixOp {
                expr: Literal {
                    value: None,
                    is_null: false,
                },
                op: "IS NULL",
                statically_not_null: true,
            },
        },
    ],
}
