---
source: diesel_infer_query/tests/parsing.rs
expression: res
info: "CREATE VIEW test AS WITH source AS (SELECT a, b FROM table1 WHERE c > 1) SELECT t1.col1, s.b, count(*) FROM users t1 INNER JOIN source s ON t1.id = s.a GROUP BY t1.col1, s.b"
---
ViewData {
    fields: [
        SelectField {
            ident: Some(
                "col1",
            ),
            kind: Field {
                schema: None,
                query_source: Some(
                    "users",
                ),
                field_name: "col1",
                nullable_row: false,
            },
        },
        SelectField {
            ident: Some(
                "b",
            ),
            kind: Field {
                schema: None,
                query_source: Some(
                    "source",
                ),
                field_name: "b",
                nullable_row: false,
            },
        },
        SelectField {
            ident: None,
            kind: Function {
                name: "count",
                schema: None,
                arguments: [
                    Unknown,
                ],
            },
        },
    ],
    subqueries: [
        (
            Some(
                "source",
            ),
            SubQuery {
                fields: [
                    SelectField {
                        ident: Some(
                            "a",
                        ),
                        kind: Field {
                            schema: None,
                            query_source: Some(
                                "table1",
                            ),
                            field_name: "a",
                            nullable_row: false,
                        },
                    },
                    SelectField {
                        ident: Some(
                            "b",
                        ),
                        kind: Field {
                            schema: None,
                            query_source: Some(
                                "table1",
                            ),
                            field_name: "b",
                            nullable_row: false,
                        },
                    },
                ],
                subqueries: [],
                recursive: false,
            },
        ),
    ],
}
